================================================================================
V33.0 FULL PIPELINE TEST ΓÇö Dß╗Ñng Thß║ºn ΓåÆ S─É_MASTER ΓåÆ Kß║┐t Luß║¡n
================================================================================

ΓöÇΓöÇΓöÇΓöÇΓöÇΓöÇΓöÇΓöÇΓöÇΓöÇΓöÇΓöÇΓöÇΓöÇΓöÇΓöÇΓöÇΓöÇΓöÇΓöÇΓöÇΓöÇΓöÇΓöÇΓöÇΓöÇΓöÇΓöÇΓöÇΓöÇΓöÇΓöÇΓöÇΓöÇΓöÇΓöÇΓöÇΓöÇΓöÇΓöÇΓöÇΓöÇΓöÇΓöÇΓöÇΓöÇΓöÇΓöÇΓöÇΓöÇΓöÇΓöÇΓöÇΓöÇΓöÇΓöÇΓöÇΓöÇΓöÇΓöÇΓöÇΓöÇΓöÇΓöÇΓöÇΓöÇΓöÇΓöÇΓöÇΓöÇΓöÇΓöÇΓöÇΓöÇΓöÇΓöÇΓöÇΓöÇΓöÇΓöÇ
≡ƒô¥ [ 1] bß╗æ t├┤i bß╗çnh nß║╖ng hay kh├┤ng
ΓöÇΓöÇΓöÇΓöÇΓöÇΓöÇΓöÇΓöÇΓöÇΓöÇΓöÇΓöÇΓöÇΓöÇΓöÇΓöÇΓöÇΓöÇΓöÇΓöÇΓöÇΓöÇΓöÇΓöÇΓöÇΓöÇΓöÇΓöÇΓöÇΓöÇΓöÇΓöÇΓöÇΓöÇΓöÇΓöÇΓöÇΓöÇΓöÇΓöÇΓöÇΓöÇΓöÇΓöÇΓöÇΓöÇΓöÇΓöÇΓöÇΓöÇΓöÇΓöÇΓöÇΓöÇΓöÇΓöÇΓöÇΓöÇΓöÇΓöÇΓöÇΓöÇΓöÇΓöÇΓöÇΓöÇΓöÇΓöÇΓöÇΓöÇΓöÇΓöÇΓöÇΓöÇΓöÇΓöÇΓöÇΓöÇΓöÇΓöÇ
  Γ£à DT = Quan Quß╗╖     (expected: Quan Quß╗╖)
     ΓåÆ Fallback keyword-match
     QType: ? | Topic: ?
  Γ£à S─É Slots: 12/12 (100%)
  Γ£à DT in S─É: Quan Quß╗╖ | H├ánh: 
  ≡ƒôè Factors:
     DT State:     ?
     Lß╗Ñc Hß╗úp/Xung: Γÿ» H├áo Th├¬T├ái(Tuß║Ñt) hß╗úp DT -3
     Tam Hß╗úp:      Tam Hß╗úp Hß╗Åa sinh DT +6
     Tiß║┐n/Tho├íi:   Tiß║┐n Thß║ºn Γåù
     Biß║┐n H├áo DT:  H├│a Hß╗ôi sinh +8
     Thß╗â/Dß╗Ñng:     bß╗ï khß║»c ΓÇö Dß╗Ñng khß║»c Thß╗â ΓåÆ ta bß╗ï hß║íi, HUNG
     Hß╗ùΓåöThß╗â:      bß╗ï khß║»c ΓÇö Thß╗â khß║»c Hß╗ù ΓåÆ kiß╗âm so├ít nß╗Öi bß╗Ö
     Chß╗ºΓåöKh├ích:    Chß╗º(Hß╗Åa) vs Kh├ích(Thß╗ò) ΓåÆ Chß╗º SINH Kh├ích ΓåÆ HUNG
     DLN S╞í Truyß╗ün:Dß║ºn (Mß╗Öc)
     DLN Mß║ít Truyß╗ün:Ngß╗ì (Hß╗Åa)
  ≡ƒÅå Verdict: 65% ΓåÆ TRUNG B├îNH
  ≡ƒƒó Case PASS

ΓöÇΓöÇΓöÇΓöÇΓöÇΓöÇΓöÇΓöÇΓöÇΓöÇΓöÇΓöÇΓöÇΓöÇΓöÇΓöÇΓöÇΓöÇΓöÇΓöÇΓöÇΓöÇΓöÇΓöÇΓöÇΓöÇΓöÇΓöÇΓöÇΓöÇΓöÇΓöÇΓöÇΓöÇΓöÇΓöÇΓöÇΓöÇΓöÇΓöÇΓöÇΓöÇΓöÇΓöÇΓöÇΓöÇΓöÇΓöÇΓöÇΓöÇΓöÇΓöÇΓöÇΓöÇΓöÇΓöÇΓöÇΓöÇΓöÇΓöÇΓöÇΓöÇΓöÇΓöÇΓöÇΓöÇΓöÇΓöÇΓöÇΓöÇΓöÇΓöÇΓöÇΓöÇΓöÇΓöÇΓöÇΓöÇΓöÇΓöÇ
≡ƒô¥ [ 2] vß╗ú t├┤i c├│ ngoß║íi t├¼nh kh├┤ng
ΓöÇΓöÇΓöÇΓöÇΓöÇΓöÇΓöÇΓöÇΓöÇΓöÇΓöÇΓöÇΓöÇΓöÇΓöÇΓöÇΓöÇΓöÇΓöÇΓöÇΓöÇΓöÇΓöÇΓöÇΓöÇΓöÇΓöÇΓöÇΓöÇΓöÇΓöÇΓöÇΓöÇΓöÇΓöÇΓöÇΓöÇΓöÇΓöÇΓöÇΓöÇΓöÇΓöÇΓöÇΓöÇΓöÇΓöÇΓöÇΓöÇΓöÇΓöÇΓöÇΓöÇΓöÇΓöÇΓöÇΓöÇΓöÇΓöÇΓöÇΓöÇΓöÇΓöÇΓöÇΓöÇΓöÇΓöÇΓöÇΓöÇΓöÇΓöÇΓöÇΓöÇΓöÇΓöÇΓöÇΓöÇΓöÇΓöÇΓöÇ
  Γ¥î DT = Bß║ún Th├ón     (expected: Th├¬ T├ái)
     ΓåÆ Fallback keyword-match
     QType: ? | Topic: ?
  Γ£à S─É Slots: 12/12 (100%)
  Γ£à DT in S─É: Bß║ún Th├ón | H├ánh: 
  ≡ƒôè Factors:
     DT State:     ?
     Lß╗Ñc Hß╗úp/Xung: Γÿ» H├áo Th├¬T├ái(Tuß║Ñt) hß╗úp DT -3
     Tam Hß╗úp:      Tam Hß╗úp Hß╗Åa sinh DT +6
     Tiß║┐n/Tho├íi:   Tiß║┐n Thß║ºn Γåù
     Biß║┐n H├áo DT:  H├│a Hß╗ôi sinh +8
     Thß╗â/Dß╗Ñng:     bß╗ï khß║»c ΓÇö Dß╗Ñng khß║»c Thß╗â ΓåÆ ta bß╗ï hß║íi, HUNG
     Hß╗ùΓåöThß╗â:      bß╗ï khß║»c ΓÇö Thß╗â khß║»c Hß╗ù ΓåÆ kiß╗âm so├ít nß╗Öi bß╗Ö
     Chß╗ºΓåöKh├ích:    Chß╗º(Hß╗Åa) vs Kh├ích(Thß╗ò) ΓåÆ Chß╗º SINH Kh├ích ΓåÆ HUNG
     DLN S╞í Truyß╗ün:Dß║ºn (Mß╗Öc)
     DLN Mß║ít Truyß╗ün:Ngß╗ì (Hß╗Åa)
  ≡ƒÅå Verdict: 65% ΓåÆ TRUNG B├îNH
  ≡ƒö┤ Case FAIL

ΓöÇΓöÇΓöÇΓöÇΓöÇΓöÇΓöÇΓöÇΓöÇΓöÇΓöÇΓöÇΓöÇΓöÇΓöÇΓöÇΓöÇΓöÇΓöÇΓöÇΓöÇΓöÇΓöÇΓöÇΓöÇΓöÇΓöÇΓöÇΓöÇΓöÇΓöÇΓöÇΓöÇΓöÇΓöÇΓöÇΓöÇΓöÇΓöÇΓöÇΓöÇΓöÇΓöÇΓöÇΓöÇΓöÇΓöÇΓöÇΓöÇΓöÇΓöÇΓöÇΓöÇΓöÇΓöÇΓöÇΓöÇΓöÇΓöÇΓöÇΓöÇΓöÇΓöÇΓöÇΓöÇΓöÇΓöÇΓöÇΓöÇΓöÇΓöÇΓöÇΓöÇΓöÇΓöÇΓöÇΓöÇΓöÇΓöÇΓöÇ
≡ƒô¥ [ 3] con trai thi ─æß║íi hß╗ìc c├│ ─æß╗ù kh├┤ng
ΓöÇΓöÇΓöÇΓöÇΓöÇΓöÇΓöÇΓöÇΓöÇΓöÇΓöÇΓöÇΓöÇΓöÇΓöÇΓöÇΓöÇΓöÇΓöÇΓöÇΓöÇΓöÇΓöÇΓöÇΓöÇΓöÇΓöÇΓöÇΓöÇΓöÇΓöÇΓöÇΓöÇΓöÇΓöÇΓöÇΓöÇΓöÇΓöÇΓöÇΓöÇΓöÇΓöÇΓöÇΓöÇΓöÇΓöÇΓöÇΓöÇΓöÇΓöÇΓöÇΓöÇΓöÇΓöÇΓöÇΓöÇΓöÇΓöÇΓöÇΓöÇΓöÇΓöÇΓöÇΓöÇΓöÇΓöÇΓöÇΓöÇΓöÇΓöÇΓöÇΓöÇΓöÇΓöÇΓöÇΓöÇΓöÇΓöÇΓöÇ
  Γ¥î DT = Quan Quß╗╖     (expected: Tß╗¡ T├┤n)
     ΓåÆ Fallback keyword-match
     QType: ? | Topic: ?
  Γ£à S─É Slots: 12/12 (100%)
  Γ£à DT in S─É: Quan Quß╗╖ | H├ánh: 
  ≡ƒôè Factors:
     DT State:     ?
     Lß╗Ñc Hß╗úp/Xung: Γÿ» H├áo Th├¬T├ái(Tuß║Ñt) hß╗úp DT -3
     Tam Hß╗úp:      Tam Hß╗úp Hß╗Åa sinh DT +6
     Tiß║┐n/Tho├íi:   Tiß║┐n Thß║ºn Γåù
     Biß║┐n H├áo DT:  H├│a Hß╗ôi sinh +8
     Thß╗â/Dß╗Ñng:     bß╗ï khß║»c ΓÇö Dß╗Ñng khß║»c Thß╗â ΓåÆ ta bß╗ï hß║íi, HUNG
     Hß╗ùΓåöThß╗â:      bß╗ï khß║»c ΓÇö Thß╗â khß║»c Hß╗ù ΓåÆ kiß╗âm so├ít nß╗Öi bß╗Ö
     Chß╗ºΓåöKh├ích:    Chß╗º(Hß╗Åa) vs Kh├ích(Thß╗ò) ΓåÆ Chß╗º SINH Kh├ích ΓåÆ HUNG
     DLN S╞í Truyß╗ün:Dß║ºn (Mß╗Öc)
     DLN Mß║ít Truyß╗ün:Ngß╗ì (Hß╗Åa)
  ≡ƒÅå Verdict: 65% ΓåÆ TRUNG B├îNH
  ≡ƒö┤ Case FAIL

ΓöÇΓöÇΓöÇΓöÇΓöÇΓöÇΓöÇΓöÇΓöÇΓöÇΓöÇΓöÇΓöÇΓöÇΓöÇΓöÇΓöÇΓöÇΓöÇΓöÇΓöÇΓöÇΓöÇΓöÇΓöÇΓöÇΓöÇΓöÇΓöÇΓöÇΓöÇΓöÇΓöÇΓöÇΓöÇΓöÇΓöÇΓöÇΓöÇΓöÇΓöÇΓöÇΓöÇΓöÇΓöÇΓöÇΓöÇΓöÇΓöÇΓöÇΓöÇΓöÇΓöÇΓöÇΓöÇΓöÇΓöÇΓöÇΓöÇΓöÇΓöÇΓöÇΓöÇΓöÇΓöÇΓöÇΓöÇΓöÇΓöÇΓöÇΓöÇΓöÇΓöÇΓöÇΓöÇΓöÇΓöÇΓöÇΓöÇΓöÇ
≡ƒô¥ [ 4] n─âm nay t├ái ch├¡nh thß║┐ n├áo
ΓöÇΓöÇΓöÇΓöÇΓöÇΓöÇΓöÇΓöÇΓöÇΓöÇΓöÇΓöÇΓöÇΓöÇΓöÇΓöÇΓöÇΓöÇΓöÇΓöÇΓöÇΓöÇΓöÇΓöÇΓöÇΓöÇΓöÇΓöÇΓöÇΓöÇΓöÇΓöÇΓöÇΓöÇΓöÇΓöÇΓöÇΓöÇΓöÇΓöÇΓöÇΓöÇΓöÇΓöÇΓöÇΓöÇΓöÇΓöÇΓöÇΓöÇΓöÇΓöÇΓöÇΓöÇΓöÇΓöÇΓöÇΓöÇΓöÇΓöÇΓöÇΓöÇΓöÇΓöÇΓöÇΓöÇΓöÇΓöÇΓöÇΓöÇΓöÇΓöÇΓöÇΓöÇΓöÇΓöÇΓöÇΓöÇΓöÇΓöÇ
  Γ£à DT = Th├¬ T├ái      (expected: Th├¬ T├ái)
     ΓåÆ Fallback keyword-match
     QType: ? | Topic: ?
  Γ£à S─É Slots: 12/12 (100%)
  Γ£à DT in S─É: Th├¬ T├ái | H├ánh: 
  ≡ƒôè Factors:
     DT State:     ?
     Lß╗Ñc Hß╗úp/Xung: Γÿ» H├áo Th├¬T├ái(Tuß║Ñt) hß╗úp DT -3
     Tam Hß╗úp:      Tam Hß╗úp Hß╗Åa sinh DT +6
     Tiß║┐n/Tho├íi:   Tiß║┐n Thß║ºn Γåù
     Biß║┐n H├áo DT:  H├│a Hß╗ôi sinh +8
     Thß╗â/Dß╗Ñng:     bß╗ï khß║»c ΓÇö Dß╗Ñng khß║»c Thß╗â ΓåÆ ta bß╗ï hß║íi, HUNG
     Hß╗ùΓåöThß╗â:      bß╗ï khß║»c ΓÇö Thß╗â khß║»c Hß╗ù ΓåÆ kiß╗âm so├ít nß╗Öi bß╗Ö
     Chß╗ºΓåöKh├ích:    Chß╗º(Hß╗Åa) vs Kh├ích(Thß╗ò) ΓåÆ Chß╗º SINH Kh├ích ΓåÆ HUNG
     DLN S╞í Truyß╗ün:Dß║ºn (Mß╗Öc)
     DLN Mß║ít Truyß╗ün:Ngß╗ì (Hß╗Åa)
  ≡ƒÅå Verdict: 65% ΓåÆ TRUNG B├îNH
  ≡ƒƒó Case PASS

ΓöÇΓöÇΓöÇΓöÇΓöÇΓöÇΓöÇΓöÇΓöÇΓöÇΓöÇΓöÇΓöÇΓöÇΓöÇΓöÇΓöÇΓöÇΓöÇΓöÇΓöÇΓöÇΓöÇΓöÇΓöÇΓöÇΓöÇΓöÇΓöÇΓöÇΓöÇΓöÇΓöÇΓöÇΓöÇΓöÇΓöÇΓöÇΓöÇΓöÇΓöÇΓöÇΓöÇΓöÇΓöÇΓöÇΓöÇΓöÇΓöÇΓöÇΓöÇΓöÇΓöÇΓöÇΓöÇΓöÇΓöÇΓöÇΓöÇΓöÇΓöÇΓöÇΓöÇΓöÇΓöÇΓöÇΓöÇΓöÇΓöÇΓöÇΓöÇΓöÇΓöÇΓöÇΓöÇΓöÇΓöÇΓöÇΓöÇΓöÇ
≡ƒô¥ [ 5] t├┤i c├│ n├¬n ─æß║ºu t╞░ cß╗ò phiß║┐u kh├┤ng
ΓöÇΓöÇΓöÇΓöÇΓöÇΓöÇΓöÇΓöÇΓöÇΓöÇΓöÇΓöÇΓöÇΓöÇΓöÇΓöÇΓöÇΓöÇΓöÇΓöÇΓöÇΓöÇΓöÇΓöÇΓöÇΓöÇΓöÇΓöÇΓöÇΓöÇΓöÇΓöÇΓöÇΓöÇΓöÇΓöÇΓöÇΓöÇΓöÇΓöÇΓöÇΓöÇΓöÇΓöÇΓöÇΓöÇΓöÇΓöÇΓöÇΓöÇΓöÇΓöÇΓöÇΓöÇΓöÇΓöÇΓöÇΓöÇΓöÇΓöÇΓöÇΓöÇΓöÇΓöÇΓöÇΓöÇΓöÇΓöÇΓöÇΓöÇΓöÇΓöÇΓöÇΓöÇΓöÇΓöÇΓöÇΓöÇΓöÇΓöÇ
  Γ£à DT = Th├¬ T├ái      (expected: Th├¬ T├ái)
     ΓåÆ Fallback keyword-match
     QType: ? | Topic: ?
  Γ£à S─É Slots: 12/12 (100%)
  Γ£à DT in S─É: Th├¬ T├ái | H├ánh: 
  ≡ƒôè Factors:
     DT State:     ?
     Lß╗Ñc Hß╗úp/Xung: Γÿ» H├áo Th├¬T├ái(Tuß║Ñt) hß╗úp DT -3
     Tam Hß╗úp:      Tam Hß╗úp Hß╗Åa sinh DT +6
     Tiß║┐n/Tho├íi:   Tiß║┐n Thß║ºn Γåù
     Biß║┐n H├áo DT:  H├│a Hß╗ôi sinh +8
     Thß╗â/Dß╗Ñng:     bß╗ï khß║»c ΓÇö Dß╗Ñng khß║»c Thß╗â ΓåÆ ta bß╗ï hß║íi, HUNG
     Hß╗ùΓåöThß╗â:      bß╗ï khß║»c ΓÇö Thß╗â khß║»c Hß╗ù ΓåÆ kiß╗âm so├ít nß╗Öi bß╗Ö
     Chß╗ºΓåöKh├ích:    Chß╗º(Hß╗Åa) vs Kh├ích(Thß╗ò) ΓåÆ Chß╗º SINH Kh├ích ΓåÆ HUNG
     DLN S╞í Truyß╗ün:Dß║ºn (Mß╗Öc)
     DLN Mß║ít Truyß╗ün:Ngß╗ì (Hß╗Åa)
  ≡ƒÅå Verdict: 65% ΓåÆ TRUNG B├îNH
  ≡ƒƒó Case PASS

ΓöÇΓöÇΓöÇΓöÇΓöÇΓöÇΓöÇΓöÇΓöÇΓöÇΓöÇΓöÇΓöÇΓöÇΓöÇΓöÇΓöÇΓöÇΓöÇΓöÇΓöÇΓöÇΓöÇΓöÇΓöÇΓöÇΓöÇΓöÇΓöÇΓöÇΓöÇΓöÇΓöÇΓöÇΓöÇΓöÇΓöÇΓöÇΓöÇΓöÇΓöÇΓöÇΓöÇΓöÇΓöÇΓöÇΓöÇΓöÇΓöÇΓöÇΓöÇΓöÇΓöÇΓöÇΓöÇΓöÇΓöÇΓöÇΓöÇΓöÇΓöÇΓöÇΓöÇΓöÇΓöÇΓöÇΓöÇΓöÇΓöÇΓöÇΓöÇΓöÇΓöÇΓöÇΓöÇΓöÇΓöÇΓöÇΓöÇΓöÇ
≡ƒô¥ [ 6] mß║Ñt ─æiß╗çn thoß║íi ß╗ƒ ─æ├óu
ΓöÇΓöÇΓöÇΓöÇΓöÇΓöÇΓöÇΓöÇΓöÇΓöÇΓöÇΓöÇΓöÇΓöÇΓöÇΓöÇΓöÇΓöÇΓöÇΓöÇΓöÇΓöÇΓöÇΓöÇΓöÇΓöÇΓöÇΓöÇΓöÇΓöÇΓöÇΓöÇΓöÇΓöÇΓöÇΓöÇΓöÇΓöÇΓöÇΓöÇΓöÇΓöÇΓöÇΓöÇΓöÇΓöÇΓöÇΓöÇΓöÇΓöÇΓöÇΓöÇΓöÇΓöÇΓöÇΓöÇΓöÇΓöÇΓöÇΓöÇΓöÇΓöÇΓöÇΓöÇΓöÇΓöÇΓöÇΓöÇΓöÇΓöÇΓöÇΓöÇΓöÇΓöÇΓöÇΓöÇΓöÇΓöÇΓöÇΓöÇ
  Γ¥î DT = Quan Quß╗╖     (expected: Th├¬ T├ái)
     ΓåÆ Fallback keyword-match
     QType: ? | Topic: ?
  Γ£à S─É Slots: 12/12 (100%)
  Γ£à DT in S─É: Quan Quß╗╖ | H├ánh: 
  ≡ƒôè Factors:
     DT State:     ?
     Lß╗Ñc Hß╗úp/Xung: Γÿ» H├áo Th├¬T├ái(Tuß║Ñt) hß╗úp DT -3
     Tam Hß╗úp:      Tam Hß╗úp Hß╗Åa sinh DT +6
     Tiß║┐n/Tho├íi:   Tiß║┐n Thß║ºn Γåù
     Biß║┐n H├áo DT:  H├│a Hß╗ôi sinh +8
     Thß╗â/Dß╗Ñng:     bß╗ï khß║»c ΓÇö Dß╗Ñng khß║»c Thß╗â ΓåÆ ta bß╗ï hß║íi, HUNG
     Hß╗ùΓåöThß╗â:      bß╗ï khß║»c ΓÇö Thß╗â khß║»c Hß╗ù ΓåÆ kiß╗âm so├ít nß╗Öi bß╗Ö
     Chß╗ºΓåöKh├ích:    Chß╗º(Hß╗Åa) vs Kh├ích(Thß╗ò) ΓåÆ Chß╗º SINH Kh├ích ΓåÆ HUNG
     DLN S╞í Truyß╗ün:Dß║ºn (Mß╗Öc)
     DLN Mß║ít Truyß╗ün:Ngß╗ì (Hß╗Åa)
  ≡ƒÅå Verdict: 65% ΓåÆ TRUNG B├îNH
  ≡ƒö┤ Case FAIL

ΓöÇΓöÇΓöÇΓöÇΓöÇΓöÇΓöÇΓöÇΓöÇΓöÇΓöÇΓöÇΓöÇΓöÇΓöÇΓöÇΓöÇΓöÇΓöÇΓöÇΓöÇΓöÇΓöÇΓöÇΓöÇΓöÇΓöÇΓöÇΓöÇΓöÇΓöÇΓöÇΓöÇΓöÇΓöÇΓöÇΓöÇΓöÇΓöÇΓöÇΓöÇΓöÇΓöÇΓöÇΓöÇΓöÇΓöÇΓöÇΓöÇΓöÇΓöÇΓöÇΓöÇΓöÇΓöÇΓöÇΓöÇΓöÇΓöÇΓöÇΓöÇΓöÇΓöÇΓöÇΓöÇΓöÇΓöÇΓöÇΓöÇΓöÇΓöÇΓöÇΓöÇΓöÇΓöÇΓöÇΓöÇΓöÇΓöÇΓöÇ
≡ƒô¥ [ 7] x├óy nh├á h╞░ß╗¢ng n├áo tß╗æt
ΓöÇΓöÇΓöÇΓöÇΓöÇΓöÇΓöÇΓöÇΓöÇΓöÇΓöÇΓöÇΓöÇΓöÇΓöÇΓöÇΓöÇΓöÇΓöÇΓöÇΓöÇΓöÇΓöÇΓöÇΓöÇΓöÇΓöÇΓöÇΓöÇΓöÇΓöÇΓöÇΓöÇΓöÇΓöÇΓöÇΓöÇΓöÇΓöÇΓöÇΓöÇΓöÇΓöÇΓöÇΓöÇΓöÇΓöÇΓöÇΓöÇΓöÇΓöÇΓöÇΓöÇΓöÇΓöÇΓöÇΓöÇΓöÇΓöÇΓöÇΓöÇΓöÇΓöÇΓöÇΓöÇΓöÇΓöÇΓöÇΓöÇΓöÇΓöÇΓöÇΓöÇΓöÇΓöÇΓöÇΓöÇΓöÇΓöÇΓöÇ
  Γ£à DT = Phß╗Ñ Mß║½u      (expected: Phß╗Ñ Mß║½u)
     ΓåÆ Fallback keyword-match
     QType: ? | Topic: ?
  Γ£à S─É Slots: 12/12 (100%)
  Γ£à DT in S─É: Phß╗Ñ Mß║½u | H├ánh: 
  ≡ƒôè Factors:
     DT State:     ?
     Lß╗Ñc Hß╗úp/Xung: Γÿ» H├áo Th├¬T├ái(Tuß║Ñt) hß╗úp DT -3
     Tam Hß╗úp:      Tam Hß╗úp Hß╗Åa sinh DT +6
     Tiß║┐n/Tho├íi:   Tiß║┐n Thß║ºn Γåù
     Biß║┐n H├áo DT:  H├│a Hß╗ôi sinh +8
     Thß╗â/Dß╗Ñng:     bß╗ï khß║»c ΓÇö Dß╗Ñng khß║»c Thß╗â ΓåÆ ta bß╗ï hß║íi, HUNG
     Hß╗ùΓåöThß╗â:      bß╗ï khß║»c ΓÇö Thß╗â khß║»c Hß╗ù ΓåÆ kiß╗âm so├ít nß╗Öi bß╗Ö
     Chß╗ºΓåöKh├ích:    Chß╗º(Hß╗Åa) vs Kh├ích(Thß╗ò) ΓåÆ Chß╗º SINH Kh├ích ΓåÆ HUNG
     DLN S╞í Truyß╗ün:Dß║ºn (Mß╗Öc)
     DLN Mß║ít Truyß╗ün:Ngß╗ì (Hß╗Åa)
  ≡ƒÅå Verdict: 65% ΓåÆ TRUNG B├îNH
  ≡ƒƒó Case PASS

ΓöÇΓöÇΓöÇΓöÇΓöÇΓöÇΓöÇΓöÇΓöÇΓöÇΓöÇΓöÇΓöÇΓöÇΓöÇΓöÇΓöÇΓöÇΓöÇΓöÇΓöÇΓöÇΓöÇΓöÇΓöÇΓöÇΓöÇΓöÇΓöÇΓöÇΓöÇΓöÇΓöÇΓöÇΓöÇΓöÇΓöÇΓöÇΓöÇΓöÇΓöÇΓöÇΓöÇΓöÇΓöÇΓöÇΓöÇΓöÇΓöÇΓöÇΓöÇΓöÇΓöÇΓöÇΓöÇΓöÇΓöÇΓöÇΓöÇΓöÇΓöÇΓöÇΓöÇΓöÇΓöÇΓöÇΓöÇΓöÇΓöÇΓöÇΓöÇΓöÇΓöÇΓöÇΓöÇΓöÇΓöÇΓöÇΓöÇΓöÇ
≡ƒô¥ [ 8] khi n├áo sß║╜ th─âng chß╗⌐c
ΓöÇΓöÇΓöÇΓöÇΓöÇΓöÇΓöÇΓöÇΓöÇΓöÇΓöÇΓöÇΓöÇΓöÇΓöÇΓöÇΓöÇΓöÇΓöÇΓöÇΓöÇΓöÇΓöÇΓöÇΓöÇΓöÇΓöÇΓöÇΓöÇΓöÇΓöÇΓöÇΓöÇΓöÇΓöÇΓöÇΓöÇΓöÇΓöÇΓöÇΓöÇΓöÇΓöÇΓöÇΓöÇΓöÇΓöÇΓöÇΓöÇΓöÇΓöÇΓöÇΓöÇΓöÇΓöÇΓöÇΓöÇΓöÇΓöÇΓöÇΓöÇΓöÇΓöÇΓöÇΓöÇΓöÇΓöÇΓöÇΓöÇΓöÇΓöÇΓöÇΓöÇΓöÇΓöÇΓöÇΓöÇΓöÇΓöÇΓöÇ
  Γ£à DT = Quan Quß╗╖     (expected: Quan Quß╗╖)
     ΓåÆ Fallback keyword-match
     QType: ? | Topic: ?
  Γ£à S─É Slots: 12/12 (100%)
  Γ£à DT in S─É: Quan Quß╗╖ | H├ánh: 
  ≡ƒôè Factors:
     DT State:     ?
     Lß╗Ñc Hß╗úp/Xung: Γÿ» H├áo Th├¬T├ái(Tuß║Ñt) hß╗úp DT -3
     Tam Hß╗úp:      Tam Hß╗úp Hß╗Åa sinh DT +6
     Tiß║┐n/Tho├íi:   Tiß║┐n Thß║ºn Γåù
     Biß║┐n H├áo DT:  H├│a Hß╗ôi sinh +8
     Thß╗â/Dß╗Ñng:     bß╗ï khß║»c ΓÇö Dß╗Ñng khß║»c Thß╗â ΓåÆ ta bß╗ï hß║íi, HUNG
     Hß╗ùΓåöThß╗â:      bß╗ï khß║»c ΓÇö Thß╗â khß║»c Hß╗ù ΓåÆ kiß╗âm so├ít nß╗Öi bß╗Ö
     Chß╗ºΓåöKh├ích:    Chß╗º(Hß╗Åa) vs Kh├ích(Thß╗ò) ΓåÆ Chß╗º SINH Kh├ích ΓåÆ HUNG
     DLN S╞í Truyß╗ün:Dß║ºn (Mß╗Öc)
     DLN Mß║ít Truyß╗ün:Ngß╗ì (Hß╗Åa)
  ≡ƒÅå Verdict: 65% ΓåÆ TRUNG B├îNH
  ≡ƒƒó Case PASS

ΓöÇΓöÇΓöÇΓöÇΓöÇΓöÇΓöÇΓöÇΓöÇΓöÇΓöÇΓöÇΓöÇΓöÇΓöÇΓöÇΓöÇΓöÇΓöÇΓöÇΓöÇΓöÇΓöÇΓöÇΓöÇΓöÇΓöÇΓöÇΓöÇΓöÇΓöÇΓöÇΓöÇΓöÇΓöÇΓöÇΓöÇΓöÇΓöÇΓöÇΓöÇΓöÇΓöÇΓöÇΓöÇΓöÇΓöÇΓöÇΓöÇΓöÇΓöÇΓöÇΓöÇΓöÇΓöÇΓöÇΓöÇΓöÇΓöÇΓöÇΓöÇΓöÇΓöÇΓöÇΓöÇΓöÇΓöÇΓöÇΓöÇΓöÇΓöÇΓöÇΓöÇΓöÇΓöÇΓöÇΓöÇΓöÇΓöÇΓöÇ
≡ƒô¥ [ 9] sß║┐p c├│ th─âng chß╗⌐c cho t├┤i kh├┤ng
ΓöÇΓöÇΓöÇΓöÇΓöÇΓöÇΓöÇΓöÇΓöÇΓöÇΓöÇΓöÇΓöÇΓöÇΓöÇΓöÇΓöÇΓöÇΓöÇΓöÇΓöÇΓöÇΓöÇΓöÇΓöÇΓöÇΓöÇΓöÇΓöÇΓöÇΓöÇΓöÇΓöÇΓöÇΓöÇΓöÇΓöÇΓöÇΓöÇΓöÇΓöÇΓöÇΓöÇΓöÇΓöÇΓöÇΓöÇΓöÇΓöÇΓöÇΓöÇΓöÇΓöÇΓöÇΓöÇΓöÇΓöÇΓöÇΓöÇΓöÇΓöÇΓöÇΓöÇΓöÇΓöÇΓöÇΓöÇΓöÇΓöÇΓöÇΓöÇΓöÇΓöÇΓöÇΓöÇΓöÇΓöÇΓöÇΓöÇΓöÇ
  Γ£à DT = Quan Quß╗╖     (expected: Quan Quß╗╖)
     ΓåÆ Fallback keyword-match
     QType: ? | Topic: ?
  Γ£à S─É Slots: 12/12 (100%)
  Γ£à DT in S─É: Quan Quß╗╖ | H├ánh: 
  ≡ƒôè Factors:
     DT State:     ?
     Lß╗Ñc Hß╗úp/Xung: Γÿ» H├áo Th├¬T├ái(Tuß║Ñt) hß╗úp DT -3
     Tam Hß╗úp:      Tam Hß╗úp Hß╗Åa sinh DT +6
     Tiß║┐n/Tho├íi:   Tiß║┐n Thß║ºn Γåù
     Biß║┐n H├áo DT:  H├│a Hß╗ôi sinh +8
     Thß╗â/Dß╗Ñng:     bß╗ï khß║»c ΓÇö Dß╗Ñng khß║»c Thß╗â ΓåÆ ta bß╗ï hß║íi, HUNG
     Hß╗ùΓåöThß╗â:      bß╗ï khß║»c ΓÇö Thß╗â khß║»c Hß╗ù ΓåÆ kiß╗âm so├ít nß╗Öi bß╗Ö
     Chß╗ºΓåöKh├ích:    Chß╗º(Hß╗Åa) vs Kh├ích(Thß╗ò) ΓåÆ Chß╗º SINH Kh├ích ΓåÆ HUNG
     DLN S╞í Truyß╗ün:Dß║ºn (Mß╗Öc)
     DLN Mß║ít Truyß╗ün:Ngß╗ì (Hß╗Åa)
  ≡ƒÅå Verdict: 65% ΓåÆ TRUNG B├îNH
  ≡ƒƒó Case PASS

ΓöÇΓöÇΓöÇΓöÇΓöÇΓöÇΓöÇΓöÇΓöÇΓöÇΓöÇΓöÇΓöÇΓöÇΓöÇΓöÇΓöÇΓöÇΓöÇΓöÇΓöÇΓöÇΓöÇΓöÇΓöÇΓöÇΓöÇΓöÇΓöÇΓöÇΓöÇΓöÇΓöÇΓöÇΓöÇΓöÇΓöÇΓöÇΓöÇΓöÇΓöÇΓöÇΓöÇΓöÇΓöÇΓöÇΓöÇΓöÇΓöÇΓöÇΓöÇΓöÇΓöÇΓöÇΓöÇΓöÇΓöÇΓöÇΓöÇΓöÇΓöÇΓöÇΓöÇΓöÇΓöÇΓöÇΓöÇΓöÇΓöÇΓöÇΓöÇΓöÇΓöÇΓöÇΓöÇΓöÇΓöÇΓöÇΓöÇΓöÇ
≡ƒô¥ [10] b├á ngoß║íi ung th╞░ c├│ qua khß╗Åi kh├┤ng
ΓöÇΓöÇΓöÇΓöÇΓöÇΓöÇΓöÇΓöÇΓöÇΓöÇΓöÇΓöÇΓöÇΓöÇΓöÇΓöÇΓöÇΓöÇΓöÇΓöÇΓöÇΓöÇΓöÇΓöÇΓöÇΓöÇΓöÇΓöÇΓöÇΓöÇΓöÇΓöÇΓöÇΓöÇΓöÇΓöÇΓöÇΓöÇΓöÇΓöÇΓöÇΓöÇΓöÇΓöÇΓöÇΓöÇΓöÇΓöÇΓöÇΓöÇΓöÇΓöÇΓöÇΓöÇΓöÇΓöÇΓöÇΓöÇΓöÇΓöÇΓöÇΓöÇΓöÇΓöÇΓöÇΓöÇΓöÇΓöÇΓöÇΓöÇΓöÇΓöÇΓöÇΓöÇΓöÇΓöÇΓöÇΓöÇΓöÇΓöÇ
  Γ£à DT = Quan Quß╗╖     (expected: Quan Quß╗╖)
     ΓåÆ Fallback keyword-match
     QType: ? | Topic: ?
  Γ£à S─É Slots: 12/12 (100%)
  Γ£à DT in S─É: Quan Quß╗╖ | H├ánh: 
  ≡ƒôè Factors:
     DT State:     ?
     Lß╗Ñc Hß╗úp/Xung: Γÿ» H├áo Th├¬T├ái(Tuß║Ñt) hß╗úp DT -3
     Tam Hß╗úp:      Tam Hß╗úp Hß╗Åa sinh DT +6
     Tiß║┐n/Tho├íi:   Tiß║┐n Thß║ºn Γåù
     Biß║┐n H├áo DT:  H├│a Hß╗ôi sinh +8
     Thß╗â/Dß╗Ñng:     bß╗ï khß║»c ΓÇö Dß╗Ñng khß║»c Thß╗â ΓåÆ ta bß╗ï hß║íi, HUNG
     Hß╗ùΓåöThß╗â:      bß╗ï khß║»c ΓÇö Thß╗â khß║»c Hß╗ù ΓåÆ kiß╗âm so├ít nß╗Öi bß╗Ö
     Chß╗ºΓåöKh├ích:    Chß╗º(Hß╗Åa) vs Kh├ích(Thß╗ò) ΓåÆ Chß╗º SINH Kh├ích ΓåÆ HUNG
     DLN S╞í Truyß╗ün:Dß║ºn (Mß╗Öc)
     DLN Mß║ít Truyß╗ün:Ngß╗ì (Hß╗Åa)
  ≡ƒÅå Verdict: 65% ΓåÆ TRUNG B├îNH
  ≡ƒƒó Case PASS

ΓöÇΓöÇΓöÇΓöÇΓöÇΓöÇΓöÇΓöÇΓöÇΓöÇΓöÇΓöÇΓöÇΓöÇΓöÇΓöÇΓöÇΓöÇΓöÇΓöÇΓöÇΓöÇΓöÇΓöÇΓöÇΓöÇΓöÇΓöÇΓöÇΓöÇΓöÇΓöÇΓöÇΓöÇΓöÇΓöÇΓöÇΓöÇΓöÇΓöÇΓöÇΓöÇΓöÇΓöÇΓöÇΓöÇΓöÇΓöÇΓöÇΓöÇΓöÇΓöÇΓöÇΓöÇΓöÇΓöÇΓöÇΓöÇΓöÇΓöÇΓöÇΓöÇΓöÇΓöÇΓöÇΓöÇΓöÇΓöÇΓöÇΓöÇΓöÇΓöÇΓöÇΓöÇΓöÇΓöÇΓöÇΓöÇΓöÇΓöÇ
≡ƒô¥ [11] n─âm nay tß╗æt kh├┤ng
ΓöÇΓöÇΓöÇΓöÇΓöÇΓöÇΓöÇΓöÇΓöÇΓöÇΓöÇΓöÇΓöÇΓöÇΓöÇΓöÇΓöÇΓöÇΓöÇΓöÇΓöÇΓöÇΓöÇΓöÇΓöÇΓöÇΓöÇΓöÇΓöÇΓöÇΓöÇΓöÇΓöÇΓöÇΓöÇΓöÇΓöÇΓöÇΓöÇΓöÇΓöÇΓöÇΓöÇΓöÇΓöÇΓöÇΓöÇΓöÇΓöÇΓöÇΓöÇΓöÇΓöÇΓöÇΓöÇΓöÇΓöÇΓöÇΓöÇΓöÇΓöÇΓöÇΓöÇΓöÇΓöÇΓöÇΓöÇΓöÇΓöÇΓöÇΓöÇΓöÇΓöÇΓöÇΓöÇΓöÇΓöÇΓöÇΓöÇΓöÇ
  Γ£à DT = Quan Quß╗╖     (expected: Quan Quß╗╖)
     ΓåÆ Fallback keyword-match
     QType: ? | Topic: ?
  Γ£à S─É Slots: 12/12 (100%)
  Γ£à DT in S─É: Quan Quß╗╖ | H├ánh: 
  ≡ƒôè Factors:
     DT State:     ?
     Lß╗Ñc Hß╗úp/Xung: Γÿ» H├áo Th├¬T├ái(Tuß║Ñt) hß╗úp DT -3
     Tam Hß╗úp:      Tam Hß╗úp Hß╗Åa sinh DT +6
     Tiß║┐n/Tho├íi:   Tiß║┐n Thß║ºn Γåù
     Biß║┐n H├áo DT:  H├│a Hß╗ôi sinh +8
     Thß╗â/Dß╗Ñng:     bß╗ï khß║»c ΓÇö Dß╗Ñng khß║»c Thß╗â ΓåÆ ta bß╗ï hß║íi, HUNG
     Hß╗ùΓåöThß╗â:      bß╗ï khß║»c ΓÇö Thß╗â khß║»c Hß╗ù ΓåÆ kiß╗âm so├ít nß╗Öi bß╗Ö
     Chß╗ºΓåöKh├ích:    Chß╗º(Hß╗Åa) vs Kh├ích(Thß╗ò) ΓåÆ Chß╗º SINH Kh├ích ΓåÆ HUNG
     DLN S╞í Truyß╗ün:Dß║ºn (Mß╗Öc)
     DLN Mß║ít Truyß╗ün:Ngß╗ì (Hß╗Åa)
  ≡ƒÅå Verdict: 65% ΓåÆ TRUNG B├îNH
  ≡ƒƒó Case PASS

ΓöÇΓöÇΓöÇΓöÇΓöÇΓöÇΓöÇΓöÇΓöÇΓöÇΓöÇΓöÇΓöÇΓöÇΓöÇΓöÇΓöÇΓöÇΓöÇΓöÇΓöÇΓöÇΓöÇΓöÇΓöÇΓöÇΓöÇΓöÇΓöÇΓöÇΓöÇΓöÇΓöÇΓöÇΓöÇΓöÇΓöÇΓöÇΓöÇΓöÇΓöÇΓöÇΓöÇΓöÇΓöÇΓöÇΓöÇΓöÇΓöÇΓöÇΓöÇΓöÇΓöÇΓöÇΓöÇΓöÇΓöÇΓöÇΓöÇΓöÇΓöÇΓöÇΓöÇΓöÇΓöÇΓöÇΓöÇΓöÇΓöÇΓöÇΓöÇΓöÇΓöÇΓöÇΓöÇΓöÇΓöÇΓöÇΓöÇΓöÇ
≡ƒô¥ [12] con d├óu bao giß╗¥ sinh
ΓöÇΓöÇΓöÇΓöÇΓöÇΓöÇΓöÇΓöÇΓöÇΓöÇΓöÇΓöÇΓöÇΓöÇΓöÇΓöÇΓöÇΓöÇΓöÇΓöÇΓöÇΓöÇΓöÇΓöÇΓöÇΓöÇΓöÇΓöÇΓöÇΓöÇΓöÇΓöÇΓöÇΓöÇΓöÇΓöÇΓöÇΓöÇΓöÇΓöÇΓöÇΓöÇΓöÇΓöÇΓöÇΓöÇΓöÇΓöÇΓöÇΓöÇΓöÇΓöÇΓöÇΓöÇΓöÇΓöÇΓöÇΓöÇΓöÇΓöÇΓöÇΓöÇΓöÇΓöÇΓöÇΓöÇΓöÇΓöÇΓöÇΓöÇΓöÇΓöÇΓöÇΓöÇΓöÇΓöÇΓöÇΓöÇΓöÇΓöÇ
  Γ£à DT = Tß╗¡ T├┤n       (expected: Tß╗¡ T├┤n)
     ΓåÆ Fallback keyword-match
     QType: ? | Topic: ?
  Γ£à S─É Slots: 12/12 (100%)
  Γ£à DT in S─É: Tß╗¡ T├┤n | H├ánh: 
  ≡ƒôè Factors:
     DT State:     ?
     Lß╗Ñc Hß╗úp/Xung: Γÿ» H├áo Th├¬T├ái(Tuß║Ñt) hß╗úp DT -3
     Tam Hß╗úp:      Tam Hß╗úp Hß╗Åa sinh DT +6
     Tiß║┐n/Tho├íi:   Tiß║┐n Thß║ºn Γåù
     Biß║┐n H├áo DT:  H├│a Hß╗ôi sinh +8
     Thß╗â/Dß╗Ñng:     bß╗ï khß║»c ΓÇö Dß╗Ñng khß║»c Thß╗â ΓåÆ ta bß╗ï hß║íi, HUNG
     Hß╗ùΓåöThß╗â:      bß╗ï khß║»c ΓÇö Thß╗â khß║»c Hß╗ù ΓåÆ kiß╗âm so├ít nß╗Öi bß╗Ö
     Chß╗ºΓåöKh├ích:    Chß╗º(Hß╗Åa) vs Kh├ích(Thß╗ò) ΓåÆ Chß╗º SINH Kh├ích ΓåÆ HUNG
     DLN S╞í Truyß╗ün:Dß║ºn (Mß╗Öc)
     DLN Mß║ít Truyß╗ün:Ngß╗ì (Hß╗Åa)
  ≡ƒÅå Verdict: 65% ΓåÆ TRUNG B├îNH
  ≡ƒƒó Case PASS

ΓöÇΓöÇΓöÇΓöÇΓöÇΓöÇΓöÇΓöÇΓöÇΓöÇΓöÇΓöÇΓöÇΓöÇΓöÇΓöÇΓöÇΓöÇΓöÇΓöÇΓöÇΓöÇΓöÇΓöÇΓöÇΓöÇΓöÇΓöÇΓöÇΓöÇΓöÇΓöÇΓöÇΓöÇΓöÇΓöÇΓöÇΓöÇΓöÇΓöÇΓöÇΓöÇΓöÇΓöÇΓöÇΓöÇΓöÇΓöÇΓöÇΓöÇΓöÇΓöÇΓöÇΓöÇΓöÇΓöÇΓöÇΓöÇΓöÇΓöÇΓöÇΓöÇΓöÇΓöÇΓöÇΓöÇΓöÇΓöÇΓöÇΓöÇΓöÇΓöÇΓöÇΓöÇΓöÇΓöÇΓöÇΓöÇΓöÇΓöÇ
≡ƒô¥ [13] hß╗úp ─æß╗ông k├╜ ─æ╞░ß╗úc kh├┤ng
ΓöÇΓöÇΓöÇΓöÇΓöÇΓöÇΓöÇΓöÇΓöÇΓöÇΓöÇΓöÇΓöÇΓöÇΓöÇΓöÇΓöÇΓöÇΓöÇΓöÇΓöÇΓöÇΓöÇΓöÇΓöÇΓöÇΓöÇΓöÇΓöÇΓöÇΓöÇΓöÇΓöÇΓöÇΓöÇΓöÇΓöÇΓöÇΓöÇΓöÇΓöÇΓöÇΓöÇΓöÇΓöÇΓöÇΓöÇΓöÇΓöÇΓöÇΓöÇΓöÇΓöÇΓöÇΓöÇΓöÇΓöÇΓöÇΓöÇΓöÇΓöÇΓöÇΓöÇΓöÇΓöÇΓöÇΓöÇΓöÇΓöÇΓöÇΓöÇΓöÇΓöÇΓöÇΓöÇΓöÇΓöÇΓöÇΓöÇΓöÇ
  Γ£à DT = Phß╗Ñ Mß║½u      (expected: Phß╗Ñ Mß║½u)
     ΓåÆ Fallback keyword-match
     QType: ? | Topic: ?
  Γ£à S─É Slots: 12/12 (100%)
  Γ£à DT in S─É: Phß╗Ñ Mß║½u | H├ánh: 
  ≡ƒôè Factors:
     DT State:     ?
     Lß╗Ñc Hß╗úp/Xung: Γÿ» H├áo Th├¬T├ái(Tuß║Ñt) hß╗úp DT -3
     Tam Hß╗úp:      Tam Hß╗úp Hß╗Åa sinh DT +6
     Tiß║┐n/Tho├íi:   Tiß║┐n Thß║ºn Γåù
     Biß║┐n H├áo DT:  H├│a Hß╗ôi sinh +8
     Thß╗â/Dß╗Ñng:     bß╗ï khß║»c ΓÇö Dß╗Ñng khß║»c Thß╗â ΓåÆ ta bß╗ï hß║íi, HUNG
     Hß╗ùΓåöThß╗â:      bß╗ï khß║»c ΓÇö Thß╗â khß║»c Hß╗ù ΓåÆ kiß╗âm so├ít nß╗Öi bß╗Ö
     Chß╗ºΓåöKh├ích:    Chß╗º(Hß╗Åa) vs Kh├ích(Thß╗ò) ΓåÆ Chß╗º SINH Kh├ích ΓåÆ HUNG
     DLN S╞í Truyß╗ün:Dß║ºn (Mß╗Öc)
     DLN Mß║ít Truyß╗ün:Ngß╗ì (Hß╗Åa)
  ≡ƒÅå Verdict: 65% ΓåÆ TRUNG B├îNH
  ≡ƒƒó Case PASS

ΓöÇΓöÇΓöÇΓöÇΓöÇΓöÇΓöÇΓöÇΓöÇΓöÇΓöÇΓöÇΓöÇΓöÇΓöÇΓöÇΓöÇΓöÇΓöÇΓöÇΓöÇΓöÇΓöÇΓöÇΓöÇΓöÇΓöÇΓöÇΓöÇΓöÇΓöÇΓöÇΓöÇΓöÇΓöÇΓöÇΓöÇΓöÇΓöÇΓöÇΓöÇΓöÇΓöÇΓöÇΓöÇΓöÇΓöÇΓöÇΓöÇΓöÇΓöÇΓöÇΓöÇΓöÇΓöÇΓöÇΓöÇΓöÇΓöÇΓöÇΓöÇΓöÇΓöÇΓöÇΓöÇΓöÇΓöÇΓöÇΓöÇΓöÇΓöÇΓöÇΓöÇΓöÇΓöÇΓöÇΓöÇΓöÇΓöÇΓöÇ
≡ƒô¥ [14] c├│ n├¬n mua xe kh├┤ng
ΓöÇΓöÇΓöÇΓöÇΓöÇΓöÇΓöÇΓöÇΓöÇΓöÇΓöÇΓöÇΓöÇΓöÇΓöÇΓöÇΓöÇΓöÇΓöÇΓöÇΓöÇΓöÇΓöÇΓöÇΓöÇΓöÇΓöÇΓöÇΓöÇΓöÇΓöÇΓöÇΓöÇΓöÇΓöÇΓöÇΓöÇΓöÇΓöÇΓöÇΓöÇΓöÇΓöÇΓöÇΓöÇΓöÇΓöÇΓöÇΓöÇΓöÇΓöÇΓöÇΓöÇΓöÇΓöÇΓöÇΓöÇΓöÇΓöÇΓöÇΓöÇΓöÇΓöÇΓöÇΓöÇΓöÇΓöÇΓöÇΓöÇΓöÇΓöÇΓöÇΓöÇΓöÇΓöÇΓöÇΓöÇΓöÇΓöÇΓöÇ
  Γ£à DT = Phß╗Ñ Mß║½u      (expected: Phß╗Ñ Mß║½u)
     ΓåÆ Fallback keyword-match
     QType: ? | Topic: ?
  Γ£à S─É Slots: 12/12 (100%)
  Γ£à DT in S─É: Phß╗Ñ Mß║½u | H├ánh: 
  ≡ƒôè Factors:
     DT State:     ?
     Lß╗Ñc Hß╗úp/Xung: Γÿ» H├áo Th├¬T├ái(Tuß║Ñt) hß╗úp DT -3
     Tam Hß╗úp:      Tam Hß╗úp Hß╗Åa sinh DT +6
     Tiß║┐n/Tho├íi:   Tiß║┐n Thß║ºn Γåù
     Biß║┐n H├áo DT:  H├│a Hß╗ôi sinh +8
     Thß╗â/Dß╗Ñng:     bß╗ï khß║»c ΓÇö Dß╗Ñng khß║»c Thß╗â ΓåÆ ta bß╗ï hß║íi, HUNG
     Hß╗ùΓåöThß╗â:      bß╗ï khß║»c ΓÇö Thß╗â khß║»c Hß╗ù ΓåÆ kiß╗âm so├ít nß╗Öi bß╗Ö
     Chß╗ºΓåöKh├ích:    Chß╗º(Hß╗Åa) vs Kh├ích(Thß╗ò) ΓåÆ Chß╗º SINH Kh├ích ΓåÆ HUNG
     DLN S╞í Truyß╗ün:Dß║ºn (Mß╗Öc)
     DLN Mß║ít Truyß╗ün:Ngß╗ì (Hß╗Åa)
  ≡ƒÅå Verdict: 65% ΓåÆ TRUNG B├îNH
  ≡ƒƒó Case PASS

ΓöÇΓöÇΓöÇΓöÇΓöÇΓöÇΓöÇΓöÇΓöÇΓöÇΓöÇΓöÇΓöÇΓöÇΓöÇΓöÇΓöÇΓöÇΓöÇΓöÇΓöÇΓöÇΓöÇΓöÇΓöÇΓöÇΓöÇΓöÇΓöÇΓöÇΓöÇΓöÇΓöÇΓöÇΓöÇΓöÇΓöÇΓöÇΓöÇΓöÇΓöÇΓöÇΓöÇΓöÇΓöÇΓöÇΓöÇΓöÇΓöÇΓöÇΓöÇΓöÇΓöÇΓöÇΓöÇΓöÇΓöÇΓöÇΓöÇΓöÇΓöÇΓöÇΓöÇΓöÇΓöÇΓöÇΓöÇΓöÇΓöÇΓöÇΓöÇΓöÇΓöÇΓöÇΓöÇΓöÇΓöÇΓöÇΓöÇΓöÇ
≡ƒô¥ [15] ─æß╗æi t├íc c├│ ─æ├íng tin cß║¡y kh├┤ng
ΓöÇΓöÇΓöÇΓöÇΓöÇΓöÇΓöÇΓöÇΓöÇΓöÇΓöÇΓöÇΓöÇΓöÇΓöÇΓöÇΓöÇΓöÇΓöÇΓöÇΓöÇΓöÇΓöÇΓöÇΓöÇΓöÇΓöÇΓöÇΓöÇΓöÇΓöÇΓöÇΓöÇΓöÇΓöÇΓöÇΓöÇΓöÇΓöÇΓöÇΓöÇΓöÇΓöÇΓöÇΓöÇΓöÇΓöÇΓöÇΓöÇΓöÇΓöÇΓöÇΓöÇΓöÇΓöÇΓöÇΓöÇΓöÇΓöÇΓöÇΓöÇΓöÇΓöÇΓöÇΓöÇΓöÇΓöÇΓöÇΓöÇΓöÇΓöÇΓöÇΓöÇΓöÇΓöÇΓöÇΓöÇΓöÇΓöÇΓöÇ
  Γ£à DT = Quan Quß╗╖     (expected: Quan Quß╗╖)
     ΓåÆ Fallback keyword-match
     QType: ? | Topic: ?
  Γ£à S─É Slots: 12/12 (100%)
  Γ£à DT in S─É: Quan Quß╗╖ | H├ánh: 
  ≡ƒôè Factors:
     DT State:     ?
     Lß╗Ñc Hß╗úp/Xung: Γÿ» H├áo Th├¬T├ái(Tuß║Ñt) hß╗úp DT -3
     Tam Hß╗úp:      Tam Hß╗úp Hß╗Åa sinh DT +6
     Tiß║┐n/Tho├íi:   Tiß║┐n Thß║ºn Γåù
     Biß║┐n H├áo DT:  H├│a Hß╗ôi sinh +8
     Thß╗â/Dß╗Ñng:     bß╗ï khß║»c ΓÇö Dß╗Ñng khß║»c Thß╗â ΓåÆ ta bß╗ï hß║íi, HUNG
     Hß╗ùΓåöThß╗â:      bß╗ï khß║»c ΓÇö Thß╗â khß║»c Hß╗ù ΓåÆ kiß╗âm so├ít nß╗Öi bß╗Ö
     Chß╗ºΓåöKh├ích:    Chß╗º(Hß╗Åa) vs Kh├ích(Thß╗ò) ΓåÆ Chß╗º SINH Kh├ích ΓåÆ HUNG
     DLN S╞í Truyß╗ün:Dß║ºn (Mß╗Öc)
     DLN Mß║ít Truyß╗ün:Ngß╗ì (Hß╗Åa)
  ≡ƒÅå Verdict: 65% ΓåÆ TRUNG B├îNH
  ≡ƒƒó Case PASS

ΓòÉΓòÉΓòÉΓòÉΓòÉΓòÉΓòÉΓòÉΓòÉΓòÉΓòÉΓòÉΓòÉΓòÉΓòÉΓòÉΓòÉΓòÉΓòÉΓòÉΓòÉΓòÉΓòÉΓòÉΓòÉΓòÉΓòÉΓòÉΓòÉΓòÉΓòÉΓòÉΓòÉΓòÉΓòÉΓòÉΓòÉΓòÉΓòÉΓòÉΓòÉΓòÉΓòÉΓòÉΓòÉΓòÉΓòÉΓòÉΓòÉΓòÉΓòÉΓòÉΓòÉΓòÉΓòÉΓòÉΓòÉΓòÉΓòÉΓòÉΓòÉΓòÉΓòÉΓòÉΓòÉΓòÉΓòÉΓòÉΓòÉΓòÉΓòÉΓòÉΓòÉΓòÉΓòÉΓòÉΓòÉΓòÉΓòÉΓòÉ
Tß╗öNG Kß║╛T FULL PIPELINE TEST (15 c├óu hß╗Åi)
ΓòÉΓòÉΓòÉΓòÉΓòÉΓòÉΓòÉΓòÉΓòÉΓòÉΓòÉΓòÉΓòÉΓòÉΓòÉΓòÉΓòÉΓòÉΓòÉΓòÉΓòÉΓòÉΓòÉΓòÉΓòÉΓòÉΓòÉΓòÉΓòÉΓòÉΓòÉΓòÉΓòÉΓòÉΓòÉΓòÉΓòÉΓòÉΓòÉΓòÉΓòÉΓòÉΓòÉΓòÉΓòÉΓòÉΓòÉΓòÉΓòÉΓòÉΓòÉΓòÉΓòÉΓòÉΓòÉΓòÉΓòÉΓòÉΓòÉΓòÉΓòÉΓòÉΓòÉΓòÉΓòÉΓòÉΓòÉΓòÉΓòÉΓòÉΓòÉΓòÉΓòÉΓòÉΓòÉΓòÉΓòÉΓòÉΓòÉΓòÉ
  Γæá Dß╗Ñng Thß║ºn ch├¡nh x├íc:  12/15 (80%)
  Γæí S─É Slot coverage:     180/180 (100%)
  Γæó Full pipeline PASS:    12/15 (80%)
ΓòÉΓòÉΓòÉΓòÉΓòÉΓòÉΓòÉΓòÉΓòÉΓòÉΓòÉΓòÉΓòÉΓòÉΓòÉΓòÉΓòÉΓòÉΓòÉΓòÉΓòÉΓòÉΓòÉΓòÉΓòÉΓòÉΓòÉΓòÉΓòÉΓòÉΓòÉΓòÉΓòÉΓòÉΓòÉΓòÉΓòÉΓòÉΓòÉΓòÉΓòÉΓòÉΓòÉΓòÉΓòÉΓòÉΓòÉΓòÉΓòÉΓòÉΓòÉΓòÉΓòÉΓòÉΓòÉΓòÉΓòÉΓòÉΓòÉΓòÉΓòÉΓòÉΓòÉΓòÉΓòÉΓòÉΓòÉΓòÉΓòÉΓòÉΓòÉΓòÉΓòÉΓòÉΓòÉΓòÉΓòÉΓòÉΓòÉΓòÉ
≡ƒÄë PASS ΓÇö Pipeline hoß║ít ─æß╗Öng tß╗æt!
